2025-03-05 22:57:54,540 - INFO - ['AAVEUSDT', 'LINKUSDT', 'PEPEUSDT', 'VANAUSDT', 'TAOUSDT', 'TIAUSDT', 'RAYUSDT', 'SUIUSDT', 'MKRUSDT', 'LTCUSDT', 'ENAUSDT', 'NEARUSDT', 'RUNEUSDT', 'BNXUSDT']
